/home/aup/tmp/mujoco-warp-amd-conditional-graph-20260821/upstream/mujoco_warp/mujoco_warp/_src/io.py:146: UserWarning: HIP/ROCm device detected: CUDA graph conditional nodes are not supported on this backend. Model.opt.graph_conditional will remain disabled; the solver falls back to a Python for-loop around the iteration kernel. Set WP_HIP_CONDITIONAL_EMULATION=1 to use the device-gated single-graph solver path.
  warp_util.check_toolkit_driver()
/home/aup/tmp/mujoco-warp-amd-conditional-graph-20260821/upstream/mujoco_warp/mujoco_warp/_src/io.py:146: UserWarning: HIP/ROCm device-gated conditional-while emulation is enabled. The solver will use one fixed-length HIP graph replay; native hipGraphConditionalHandle nodes are not available.
  warp_util.check_toolkit_driver()
Warp CUDA error 1: invalid argument (in function wp_memset_device, /home/aup/tmp/mujoco-warp-amd-conditional-graph-20260821/upstream/warp/warp/native/warp.cu:1267)
Warp CUDA error 1: invalid argument (in function wp_memset_device, /home/aup/tmp/mujoco-warp-amd-conditional-graph-20260821/upstream/warp/warp/native/warp.cu:1267)
Warp CUDA error 1: invalid argument (in function wp_memset_device, /home/aup/tmp/mujoco-warp-amd-conditional-graph-20260821/upstream/warp/warp/native/warp.cu:1267)
Warp 1.13.0+rocm.0 initialized:
   ROCm 7.2, HIP driver 7.2
   Devices:
     "cpu"      : "x86_64"
     "cuda:0"   : "AMD Radeon Graphics" (64 GiB, gfx1151, mempool enabled)
   Kernel cache:
     /home/aup/.cache/warp/1.13.0+rocm.0
mode=baseline graph_conditional=False
Module mujoco_warp._src.smooth ac222a6 load on device 'cuda:0' took 1.92 ms  (cached)
Module mujoco_warp._src.collision_driver fbb0ee0 load on device 'cuda:0' took 0.30 ms  (cached)
Module _nxn_broadphase__locals__kernel_216d21d7 216d21d load on device 'cuda:0' took 0.30 ms  (cached)
Module _primitive_narrowphase__locals__primitive_narrowphase_fd671857 fd67185 load on device 'cuda:0' took 0.35 ms  (cached)
Module mujoco_warp._src.constraint eb0e24d load on device 'cuda:0' took 0.97 ms  (cached)
Module _efc_contact_init__locals__kernel_9ba4ce0a 9ba4ce0 load on device 'cuda:0' took 0.31 ms  (cached)
Module _efc_contact_jac_dense__locals__kernel_01c4be66 7acc2da load on device 'cuda:0' took 0.32 ms  (cached)
Module _efc_contact_update__locals__kernel_17621467 1762146 load on device 'cuda:0' took 0.31 ms  (cached)
Module mujoco_warp._src.forward 9de471e load on device 'cuda:0' took 1.13 ms  (cached)
Module mujoco_warp._src.passive 616927b load on device 'cuda:0' took 0.50 ms  (cached)
Module mujoco_warp._src.forward 5ceccde load on device 'cuda:0' took 1.05 ms  (cached)
Module mujoco_warp._src.support eb80ed0 load on device 'cuda:0' took 0.37 ms  (cached)
Module batched_factor_solve_i__locals__kernel_e7193419 4737d71 load on device 'cuda:0' took 0.29 ms  (cached)
Module mujoco_warp._src.solver afb0c7e load on device 'cuda:0' took 2.35 ms  (cached)
Module solve_init_jaref__locals__kernel_d6d96ba0 d6d96ba load on device 'cuda:0' took 0.31 ms  (cached)
Module mul_m_dense__locals___mul_m_dense_45fa5d05 45fa5d0 load on device 'cuda:0' took 0.31 ms  (cached)
Module update_constraint_efc__locals__kernel_6bfb2757 6bfb275 load on device 'cuda:0' took 0.31 ms  (cached)
Module update_constraint_gauss_cost__locals__kernel_9c10b2a4 9c10b2a load on device 'cuda:0' took 0.29 ms  (cached)
Module update_gradient_JTDAJ_dense_tiled__locals__kernel_00fa28e1 5e37658 load on device 'cuda:0' took 0.29 ms  (cached)
Module batched_cholesky_factorize_solve__locals__kernel_20ba0cc6 84b4ef5 load on device 'cuda:0' took 0.29 ms  (cached)
Module linesearch_iterative__locals__kernel_b3dcfe19 510eb2d load on device 'cuda:0' took 0.34 ms  (cached)
Module update_constraint_efc__locals__kernel_8ad6290a 8ad6290 load on device 'cuda:0' took 0.31 ms  (cached)
Module mujoco_warp._src.sensor 04d8f44 load on device 'cuda:0' took 0.99 ms  (cached)
  warmup nacon=2048 ncollision=1024 nefc=32
  step=1 nacon=0 ncollision=0 nefc=0
  step=2 nacon=0 ncollision=0 nefc=0
  step=3 nacon=0 ncollision=0 nefc=0
  step=4 nacon=0 ncollision=0 nefc=0
  step=5 nacon=0 ncollision=0 nefc=0
  step=6 nacon=0 ncollision=0 nefc=0
  step=7 nacon=0 ncollision=0 nefc=0
  step=8 nacon=0 ncollision=0 nefc=0
  step=9 nacon=0 ncollision=0 nefc=0
  step=10 nacon=0 ncollision=0 nefc=0
  step=11 nacon=0 ncollision=0 nefc=0
  step=12 nacon=0 ncollision=0 nefc=0
  step=13 nacon=0 ncollision=0 nefc=0
  step=14 nacon=0 ncollision=0 nefc=0
  step=15 nacon=0 ncollision=0 nefc=0
  step=16 nacon=0 ncollision=0 nefc=0
  step=17 nacon=0 ncollision=0 nefc=0
  step=18 nacon=0 ncollision=0 nefc=0
  step=19 nacon=0 ncollision=0 nefc=0
  step=20 nacon=0 ncollision=0 nefc=0
  step=21 nacon=0 ncollision=0 nefc=0
  step=22 nacon=0 ncollision=0 nefc=0
  step=23 nacon=0 ncollision=0 nefc=0
  step=24 nacon=0 ncollision=0 nefc=0
  step=25 nacon=0 ncollision=0 nefc=0
  step=26 nacon=0 ncollision=0 nefc=0
  step=27 nacon=0 ncollision=0 nefc=0
  step=28 nacon=0 ncollision=0 nefc=0
  step=29 nacon=0 ncollision=0 nefc=0
  step=30 nacon=0 ncollision=0 nefc=0
  step=31 nacon=0 ncollision=0 nefc=0
  step=32 nacon=0 ncollision=0 nefc=0
  step=33 nacon=0 ncollision=0 nefc=0
  step=34 nacon=0 ncollision=0 nefc=0
  step=35 nacon=0 ncollision=0 nefc=0
  step=36 nacon=0 ncollision=0 nefc=0
  step=37 nacon=0 ncollision=0 nefc=0
  step=38 nacon=0 ncollision=0 nefc=0
  step=39 nacon=0 ncollision=0 nefc=0
  step=40 nacon=0 ncollision=0 nefc=0
  step=41 nacon=0 ncollision=0 nefc=0
  step=42 nacon=0 ncollision=0 nefc=0
  step=43 nacon=0 ncollision=0 nefc=0
  step=44 nacon=0 ncollision=0 nefc=0
  step=45 nacon=0 ncollision=0 nefc=0
  step=46 nacon=0 ncollision=0 nefc=0
  step=47 nacon=0 ncollision=0 nefc=0
  step=48 nacon=0 ncollision=0 nefc=0
  step=49 nacon=0 ncollision=0 nefc=0
  step=50 nacon=0 ncollision=0 nefc=0
  step=51 nacon=0 ncollision=0 nefc=0
  step=52 nacon=0 ncollision=0 nefc=0
  step=53 nacon=0 ncollision=0 nefc=0
  step=54 nacon=0 ncollision=0 nefc=0
  step=55 nacon=0 ncollision=0 nefc=0
  step=56 nacon=0 ncollision=0 nefc=0
  step=57 nacon=0 ncollision=0 nefc=0
  step=58 nacon=0 ncollision=0 nefc=0
  step=59 nacon=0 ncollision=0 nefc=0
  step=60 nacon=0 ncollision=0 nefc=0
  step=61 nacon=0 ncollision=0 nefc=0
  step=62 nacon=0 ncollision=0 nefc=0
  step=63 nacon=0 ncollision=0 nefc=0
  step=64 nacon=0 ncollision=0 nefc=0
  step=65 nacon=0 ncollision=0 nefc=0
  step=66 nacon=0 ncollision=0 nefc=0
  step=67 nacon=0 ncollision=0 nefc=0
  step=68 nacon=0 ncollision=0 nefc=0
  step=69 nacon=0 ncollision=0 nefc=0
  step=70 nacon=0 ncollision=0 nefc=0
  step=71 nacon=0 ncollision=0 nefc=0
  step=72 nacon=0 ncollision=0 nefc=0
  step=73 nacon=0 ncollision=0 nefc=0
  step=74 nacon=0 ncollision=0 nefc=0
  step=75 nacon=0 ncollision=0 nefc=0
  step=76 nacon=0 ncollision=0 nefc=0
  step=77 nacon=0 ncollision=0 nefc=0
  step=78 nacon=0 ncollision=0 nefc=0
  step=79 nacon=0 ncollision=0 nefc=0
  step=80 nacon=0 ncollision=0 nefc=0
  step=81 nacon=0 ncollision=0 nefc=0
  step=82 nacon=0 ncollision=0 nefc=0
  step=83 nacon=0 ncollision=0 nefc=0
  step=84 nacon=0 ncollision=0 nefc=0
  step=85 nacon=0 ncollision=0 nefc=0
  step=86 nacon=0 ncollision=0 nefc=0
  step=87 nacon=0 ncollision=0 nefc=0
  step=88 nacon=0 ncollision=0 nefc=0
  step=89 nacon=0 ncollision=0 nefc=0
  step=90 nacon=0 ncollision=0 nefc=0
  step=91 nacon=0 ncollision=0 nefc=0
  step=92 nacon=0 ncollision=0 nefc=0
  step=93 nacon=0 ncollision=0 nefc=0
  step=94 nacon=0 ncollision=0 nefc=0
  step=95 nacon=0 ncollision=0 nefc=0
  step=96 nacon=0 ncollision=0 nefc=0
  step=97 nacon=0 ncollision=0 nefc=0
  step=98 nacon=0 ncollision=0 nefc=0
  step=99 nacon=0 ncollision=0 nefc=0
  step=100 nacon=0 ncollision=0 nefc=0
mode=emulation graph_conditional=True
  warmup nacon=2048 ncollision=1024 nefc=32
  capture nacon=2048 ncollision=1024 nefc=32
  step=1 nacon=0 ncollision=0 nefc=0
  step=2 nacon=0 ncollision=0 nefc=0
  step=3 nacon=0 ncollision=0 nefc=0
  step=4 nacon=0 ncollision=0 nefc=0
  step=5 nacon=0 ncollision=0 nefc=0
  step=6 nacon=0 ncollision=0 nefc=0
  step=7 nacon=0 ncollision=0 nefc=0
  step=8 nacon=0 ncollision=0 nefc=0
  step=9 nacon=0 ncollision=0 nefc=0
  step=10 nacon=0 ncollision=0 nefc=0
  step=11 nacon=0 ncollision=0 nefc=0
  step=12 nacon=0 ncollision=0 nefc=0
  step=13 nacon=0 ncollision=0 nefc=0
  step=14 nacon=0 ncollision=0 nefc=0
  step=15 nacon=0 ncollision=0 nefc=0
  step=16 nacon=0 ncollision=0 nefc=0
  step=17 nacon=0 ncollision=0 nefc=0
  step=18 nacon=0 ncollision=0 nefc=0
  step=19 nacon=0 ncollision=0 nefc=0
  step=20 nacon=0 ncollision=0 nefc=0
  step=21 nacon=0 ncollision=0 nefc=0
  step=22 nacon=0 ncollision=0 nefc=0
  step=23 nacon=0 ncollision=0 nefc=0
  step=24 nacon=0 ncollision=0 nefc=0
  step=25 nacon=0 ncollision=0 nefc=0
  step=26 nacon=0 ncollision=0 nefc=0
  step=27 nacon=0 ncollision=0 nefc=0
  step=28 nacon=0 ncollision=0 nefc=0
  step=29 nacon=0 ncollision=0 nefc=0
  step=30 nacon=0 ncollision=0 nefc=0
  step=31 nacon=0 ncollision=0 nefc=0
  step=32 nacon=0 ncollision=0 nefc=0
  step=33 nacon=0 ncollision=0 nefc=0
  step=34 nacon=0 ncollision=0 nefc=0
  step=35 nacon=0 ncollision=0 nefc=0
  step=36 nacon=0 ncollision=0 nefc=0
  step=37 nacon=0 ncollision=0 nefc=0
  step=38 nacon=0 ncollision=0 nefc=0
  step=39 nacon=0 ncollision=0 nefc=0
  step=40 nacon=0 ncollision=0 nefc=0
  step=41 nacon=0 ncollision=0 nefc=0
  step=42 nacon=0 ncollision=0 nefc=0
  step=43 nacon=0 ncollision=0 nefc=0
  step=44 nacon=0 ncollision=0 nefc=0
  step=45 nacon=0 ncollision=0 nefc=0
  step=46 nacon=0 ncollision=0 nefc=0
  step=47 nacon=0 ncollision=0 nefc=0
  step=48 nacon=0 ncollision=0 nefc=0
  step=49 nacon=0 ncollision=0 nefc=0
  step=50 nacon=0 ncollision=0 nefc=0
  step=51 nacon=0 ncollision=0 nefc=0
  step=52 nacon=0 ncollision=0 nefc=0
  step=53 nacon=0 ncollision=0 nefc=0
  step=54 nacon=0 ncollision=0 nefc=0
  step=55 nacon=0 ncollision=0 nefc=0
  step=56 nacon=0 ncollision=0 nefc=0
  step=57 nacon=0 ncollision=0 nefc=0
  step=58 nacon=0 ncollision=0 nefc=0
  step=59 nacon=0 ncollision=0 nefc=0
  step=60 nacon=0 ncollision=0 nefc=0
  step=61 nacon=0 ncollision=0 nefc=0
  step=62 nacon=0 ncollision=0 nefc=0
  step=63 nacon=0 ncollision=0 nefc=0
  step=64 nacon=0 ncollision=0 nefc=0
  step=65 nacon=0 ncollision=0 nefc=0
  step=66 nacon=0 ncollision=0 nefc=0
  step=67 nacon=0 ncollision=0 nefc=0
  step=68 nacon=0 ncollision=0 nefc=0
  step=69 nacon=0 ncollision=0 nefc=0
  step=70 nacon=0 ncollision=0 nefc=0
  step=71 nacon=0 ncollision=0 nefc=0
  step=72 nacon=0 ncollision=0 nefc=0
  step=73 nacon=0 ncollision=0 nefc=0
  step=74 nacon=0 ncollision=0 nefc=0
  step=75 nacon=0 ncollision=0 nefc=0
  step=76 nacon=0 ncollision=0 nefc=0
  step=77 nacon=0 ncollision=0 nefc=0
  step=78 nacon=0 ncollision=0 nefc=0
  step=79 nacon=0 ncollision=0 nefc=0
  step=80 nacon=0 ncollision=0 nefc=0
  step=81 nacon=0 ncollision=0 nefc=0
  step=82 nacon=0 ncollision=0 nefc=0
  step=83 nacon=0 ncollision=0 nefc=0
  step=84 nacon=0 ncollision=0 nefc=0
  step=85 nacon=0 ncollision=0 nefc=0
  step=86 nacon=0 ncollision=0 nefc=0
  step=87 nacon=0 ncollision=0 nefc=0
  step=88 nacon=0 ncollision=0 nefc=0
  step=89 nacon=0 ncollision=0 nefc=0
  step=90 nacon=0 ncollision=0 nefc=0
  step=91 nacon=0 ncollision=0 nefc=0
  step=92 nacon=0 ncollision=0 nefc=0
  step=93 nacon=0 ncollision=0 nefc=0
  step=94 nacon=0 ncollision=0 nefc=0
  step=95 nacon=0 ncollision=0 nefc=0
  step=96 nacon=0 ncollision=0 nefc=0
  step=97 nacon=0 ncollision=0 nefc=0
  step=98 nacon=0 ncollision=0 nefc=0
  step=99 nacon=0 ncollision=0 nefc=0
  step=100 nacon=0 ncollision=0 nefc=0
comparison max_abs_qpos_error=7.86967576e-07 max_abs_qvel_error=9.53674316e-07
